// Jest Snapshot v1, https://goo.gl/fbAQLP

exports[`Form match snapshot 1`] = `
<form
  onSubmit={[Function]}
>
  <div
    className="form-group "
  >
    <label
      htmlFor="firstName"
    >
      First Name
    </label>
    <input
      className="form-control"
      id="firstName"
      onBlur={[Function]}
      onChange={[Function]}
      placeholder="First Name"
      type="text"
      value=""
    />
    <span
      className="help-block"
    />
  </div>
  <div
    className="form-group "
  >
    <label
      htmlFor="lastName"
    >
      Last Name
    </label>
    <input
      className="form-control"
      id="lastName"
      onBlur={[Function]}
      onChange={[Function]}
      placeholder="Last Name"
      type="text"
      value=""
    />
    <span
      className="help-block"
    />
  </div>
  <div
    className="form-group "
  >
    <label
      htmlFor="phone"
    >
      Phone
    </label>
    <input
      className="form-control"
      id="phone"
      onBlur={[Function]}
      onChange={[Function]}
      placeholder="Phone"
      type="tel"
      value=""
    />
    <span
      className="help-block"
    />
  </div>
  <div
    className="form-group"
  >
    <label
      className="radio-inline"
    >
      <input
        checked={true}
        onChange={[Function]}
        type="radio"
        value="Male"
      />
      Male
    </label>
    <label
      className="radio-inline"
    >
      <input
        checked={false}
        onChange={[Function]}
        type="radio"
        value="Female"
      />
      Female
    </label>
  </div>
  <div
    className="form-group "
  >
    <label
      htmlFor="age"
    >
      Age
    </label>
    <input
      className="form-control"
      id="age"
      onBlur={[Function]}
      onChange={[Function]}
      placeholder="Age"
      type="number"
      value=""
    />
    <span
      className="help-block"
    />
  </div>
  <button
    className="btn btn-default"
    type="submit"
  >
    Submit
  </button>
  <div
    className="has-error"
  >
    <span
      className="help-block"
    >
      
    </span>
  </div>
</form>
`;
